Archive member included to satisfy reference by file (symbol)

c:/program files (x86)/atmel/studio/7.0/toolchain/avr8/avr8-gnu-toolchain/bin/../lib/gcc/avr/5.4.0/../../../../avr/lib/avr5\libm.a(addsf3.o)
                              MCAL/TMR1_program.o (__subsf3)
c:/program files (x86)/atmel/studio/7.0/toolchain/avr8/avr8-gnu-toolchain/bin/../lib/gcc/avr/5.4.0/../../../../avr/lib/avr5\libm.a(addsf3x.o)
                              c:/program files (x86)/atmel/studio/7.0/toolchain/avr8/avr8-gnu-toolchain/bin/../lib/gcc/avr/5.4.0/../../../../avr/lib/avr5\libm.a(addsf3.o) (__addsf3x)
c:/program files (x86)/atmel/studio/7.0/toolchain/avr8/avr8-gnu-toolchain/bin/../lib/gcc/avr/5.4.0/../../../../avr/lib/avr5\libm.a(cmpsf2.o)
                              MCAL/TMR1_program.o (__lesf2)
c:/program files (x86)/atmel/studio/7.0/toolchain/avr8/avr8-gnu-toolchain/bin/../lib/gcc/avr/5.4.0/../../../../avr/lib/avr5\libm.a(divsf3.o)
                              MCAL/TMR1_program.o (__divsf3)
c:/program files (x86)/atmel/studio/7.0/toolchain/avr8/avr8-gnu-toolchain/bin/../lib/gcc/avr/5.4.0/../../../../avr/lib/avr5\libm.a(divsf3x.o)
                              c:/program files (x86)/atmel/studio/7.0/toolchain/avr8/avr8-gnu-toolchain/bin/../lib/gcc/avr/5.4.0/../../../../avr/lib/avr5\libm.a(divsf3.o) (__divsf3x)
c:/program files (x86)/atmel/studio/7.0/toolchain/avr8/avr8-gnu-toolchain/bin/../lib/gcc/avr/5.4.0/../../../../avr/lib/avr5\libm.a(fixunssfsi.o)
                              MCAL/TMR1_program.o (__fixunssfsi)
c:/program files (x86)/atmel/studio/7.0/toolchain/avr8/avr8-gnu-toolchain/bin/../lib/gcc/avr/5.4.0/../../../../avr/lib/avr5\libm.a(floatsisf.o)
                              MCAL/TMR1_program.o (__floatunsisf)
c:/program files (x86)/atmel/studio/7.0/toolchain/avr8/avr8-gnu-toolchain/bin/../lib/gcc/avr/5.4.0/../../../../avr/lib/avr5\libm.a(fp_cmp.o)
                              c:/program files (x86)/atmel/studio/7.0/toolchain/avr8/avr8-gnu-toolchain/bin/../lib/gcc/avr/5.4.0/../../../../avr/lib/avr5\libm.a(cmpsf2.o) (__fp_cmp)
c:/program files (x86)/atmel/studio/7.0/toolchain/avr8/avr8-gnu-toolchain/bin/../lib/gcc/avr/5.4.0/../../../../avr/lib/avr5\libm.a(fp_inf.o)
                              c:/program files (x86)/atmel/studio/7.0/toolchain/avr8/avr8-gnu-toolchain/bin/../lib/gcc/avr/5.4.0/../../../../avr/lib/avr5\libm.a(addsf3x.o) (__fp_inf)
c:/program files (x86)/atmel/studio/7.0/toolchain/avr8/avr8-gnu-toolchain/bin/../lib/gcc/avr/5.4.0/../../../../avr/lib/avr5\libm.a(fp_nan.o)
                              c:/program files (x86)/atmel/studio/7.0/toolchain/avr8/avr8-gnu-toolchain/bin/../lib/gcc/avr/5.4.0/../../../../avr/lib/avr5\libm.a(addsf3x.o) (__fp_nan)
c:/program files (x86)/atmel/studio/7.0/toolchain/avr8/avr8-gnu-toolchain/bin/../lib/gcc/avr/5.4.0/../../../../avr/lib/avr5\libm.a(fp_pscA.o)
                              c:/program files (x86)/atmel/studio/7.0/toolchain/avr8/avr8-gnu-toolchain/bin/../lib/gcc/avr/5.4.0/../../../../avr/lib/avr5\libm.a(addsf3x.o) (__fp_pscA)
c:/program files (x86)/atmel/studio/7.0/toolchain/avr8/avr8-gnu-toolchain/bin/../lib/gcc/avr/5.4.0/../../../../avr/lib/avr5\libm.a(fp_pscB.o)
                              c:/program files (x86)/atmel/studio/7.0/toolchain/avr8/avr8-gnu-toolchain/bin/../lib/gcc/avr/5.4.0/../../../../avr/lib/avr5\libm.a(addsf3x.o) (__fp_pscB)
c:/program files (x86)/atmel/studio/7.0/toolchain/avr8/avr8-gnu-toolchain/bin/../lib/gcc/avr/5.4.0/../../../../avr/lib/avr5\libm.a(fp_round.o)
                              c:/program files (x86)/atmel/studio/7.0/toolchain/avr8/avr8-gnu-toolchain/bin/../lib/gcc/avr/5.4.0/../../../../avr/lib/avr5\libm.a(addsf3.o) (__fp_round)
c:/program files (x86)/atmel/studio/7.0/toolchain/avr8/avr8-gnu-toolchain/bin/../lib/gcc/avr/5.4.0/../../../../avr/lib/avr5\libm.a(fp_split3.o)
                              c:/program files (x86)/atmel/studio/7.0/toolchain/avr8/avr8-gnu-toolchain/bin/../lib/gcc/avr/5.4.0/../../../../avr/lib/avr5\libm.a(addsf3x.o) (__fp_split3)
c:/program files (x86)/atmel/studio/7.0/toolchain/avr8/avr8-gnu-toolchain/bin/../lib/gcc/avr/5.4.0/../../../../avr/lib/avr5\libm.a(fp_zero.o)
                              c:/program files (x86)/atmel/studio/7.0/toolchain/avr8/avr8-gnu-toolchain/bin/../lib/gcc/avr/5.4.0/../../../../avr/lib/avr5\libm.a(addsf3x.o) (__fp_zero)
c:/program files (x86)/atmel/studio/7.0/toolchain/avr8/avr8-gnu-toolchain/bin/../lib/gcc/avr/5.4.0/../../../../avr/lib/avr5\libm.a(mulsf3.o)
                              MCAL/TMR1_program.o (__mulsf3)
c:/program files (x86)/atmel/studio/7.0/toolchain/avr8/avr8-gnu-toolchain/bin/../lib/gcc/avr/5.4.0/../../../../avr/lib/avr5\libm.a(mulsf3x.o)
                              c:/program files (x86)/atmel/studio/7.0/toolchain/avr8/avr8-gnu-toolchain/bin/../lib/gcc/avr/5.4.0/../../../../avr/lib/avr5\libm.a(mulsf3.o) (__mulsf3x)
c:/program files (x86)/atmel/studio/7.0/toolchain/avr8/avr8-gnu-toolchain/bin/../lib/gcc/avr/5.4.0/avr5\libgcc.a(_divmodhi4.o)
                              MCAL/TMR0_program.o (__divmodhi4)
c:/program files (x86)/atmel/studio/7.0/toolchain/avr8/avr8-gnu-toolchain/bin/../lib/gcc/avr/5.4.0/avr5\libgcc.a(_udivmodsi4.o)
                              HAL/LCD_program.o (__udivmodsi4)
c:/program files (x86)/atmel/studio/7.0/toolchain/avr8/avr8-gnu-toolchain/bin/../lib/gcc/avr/5.4.0/avr5\libgcc.a(_exit.o)
                              C:/Program Files (x86)/Atmel/Studio/7.0/Packs/atmel/ATmega_DFP/1.7.374/gcc/dev/atmega32/avr5/crtatmega32.o (exit)
c:/program files (x86)/atmel/studio/7.0/toolchain/avr8/avr8-gnu-toolchain/bin/../lib/gcc/avr/5.4.0/avr5\libgcc.a(_tablejump2.o)
                              HOME_interface.o (__tablejump2__)
c:/program files (x86)/atmel/studio/7.0/toolchain/avr8/avr8-gnu-toolchain/bin/../lib/gcc/avr/5.4.0/avr5\libgcc.a(_copy_data.o)
                              Admin_interface.o (__do_copy_data)
c:/program files (x86)/atmel/studio/7.0/toolchain/avr8/avr8-gnu-toolchain/bin/../lib/gcc/avr/5.4.0/avr5\libgcc.a(_clear_bss.o)
                              Admin_interface.o (__do_clear_bss)
c:/program files (x86)/atmel/studio/7.0/toolchain/avr8/avr8-gnu-toolchain/bin/../lib/gcc/avr/5.4.0/avr5\libgcc.a(_umulhisi3.o)
                              HAL/LM35_program.o (__umulhisi3)
c:/program files (x86)/atmel/studio/7.0/toolchain/avr8/avr8-gnu-toolchain/bin/../lib/gcc/avr/5.4.0/avr5\libgcc.a(_udivmodhi4.o)
                              c:/program files (x86)/atmel/studio/7.0/toolchain/avr8/avr8-gnu-toolchain/bin/../lib/gcc/avr/5.4.0/avr5\libgcc.a(_divmodhi4.o) (__udivmodhi4)

Discarded input sections

 .data          0x00000000        0x0 C:/Program Files (x86)/Atmel/Studio/7.0/Packs/atmel/ATmega_DFP/1.7.374/gcc/dev/atmega32/avr5/crtatmega32.o
 .bss           0x00000000        0x0 C:/Program Files (x86)/Atmel/Studio/7.0/Packs/atmel/ATmega_DFP/1.7.374/gcc/dev/atmega32/avr5/crtatmega32.o
 .text          0x00000000        0x0 Admin_interface.o
 .data          0x00000000        0x0 Admin_interface.o
 .bss           0x00000000        0x0 Admin_interface.o
 .text          0x00000000        0x0 HAL/BUZ_program.o
 .data          0x00000000        0x0 HAL/BUZ_program.o
 .bss           0x00000000        0x0 HAL/BUZ_program.o
 .text.BUZ_toggle
                0x00000000        0x6 HAL/BUZ_program.o
 .text          0x00000000        0x0 HAL/DCM_program.o
 .data          0x00000000        0x0 HAL/DCM_program.o
 .bss           0x00000000        0x0 HAL/DCM_program.o
 .text.DCM_onControlSpeed
                0x00000000       0x94 HAL/DCM_program.o
 .text          0x00000000        0x0 HAL/EEPROM_program.o
 .data          0x00000000        0x0 HAL/EEPROM_program.o
 .bss           0x00000000        0x0 HAL/EEPROM_program.o
 .text          0x00000000        0x0 HAL/KPD_program.o
 .data          0x00000000        0x0 HAL/KPD_program.o
 .bss           0x00000000        0x0 HAL/KPD_program.o
 .text          0x00000000        0x0 HAL/LCD_program.o
 .data          0x00000000        0x0 HAL/LCD_program.o
 .bss           0x00000000        0x0 HAL/LCD_program.o
 .text.LCD_shift
                0x00000000       0x24 HAL/LCD_program.o
 .text.LCD_writeNumber
                0x00000000       0xb8 HAL/LCD_program.o
 .text          0x00000000        0x0 HAL/LED_program.o
 .data          0x00000000        0x0 HAL/LED_program.o
 .bss           0x00000000        0x0 HAL/LED_program.o
 .text.LED_on   0x00000000        0x8 HAL/LED_program.o
 .text.LED_off  0x00000000        0x8 HAL/LED_program.o
 .text          0x00000000        0x0 HAL/LM35_program.o
 .data          0x00000000        0x0 HAL/LM35_program.o
 .bss           0x00000000        0x0 HAL/LM35_program.o
 .text          0x00000000        0x0 HAL/SRVM_program.o
 .data          0x00000000        0x0 HAL/SRVM_program.o
 .bss           0x00000000        0x0 HAL/SRVM_program.o
 .text.SRVM_off
                0x00000000        0x6 HAL/SRVM_program.o
 .text          0x00000000        0x0 HOME_interface.o
 .data          0x00000000        0x0 HOME_interface.o
 .bss           0x00000000        0x0 HOME_interface.o
 .text          0x00000000        0x0 main.o
 .data          0x00000000        0x0 main.o
 .bss           0x00000000        0x0 main.o
 .text          0x00000000        0x0 MCAL/ADC_program.o
 .data          0x00000000        0x0 MCAL/ADC_program.o
 .bss           0x00000000        0x0 MCAL/ADC_program.o
 .text          0x00000000        0x0 MCAL/DIO_program.o
 .data          0x00000000        0x0 MCAL/DIO_program.o
 .bss           0x00000000        0x0 MCAL/DIO_program.o
 .text          0x00000000        0x0 MCAL/EXTI_pragram.o
 .data          0x00000000        0x0 MCAL/EXTI_pragram.o
 .bss           0x00000000        0x0 MCAL/EXTI_pragram.o
 .text.EXTI_enable
                0x00000000       0xca MCAL/EXTI_pragram.o
 .text.EXTI_disable
                0x00000000       0x24 MCAL/EXTI_pragram.o
 .text.EXTI_setCallBackINT0
                0x00000000        0xe MCAL/EXTI_pragram.o
 .text.EXTI_setCallBackINT1
                0x00000000        0xe MCAL/EXTI_pragram.o
 .text.EXTI_setCallBackINT2
                0x00000000        0xe MCAL/EXTI_pragram.o
 .text          0x00000000        0x0 MCAL/GI_program.o
 .data          0x00000000        0x0 MCAL/GI_program.o
 .bss           0x00000000        0x0 MCAL/GI_program.o
 .text.GI_enable
                0x00000000        0x8 MCAL/GI_program.o
 .text.GI_disable
                0x00000000        0x8 MCAL/GI_program.o
 .debug_info    0x00000000       0x98 MCAL/GI_program.o
 .debug_abbrev  0x00000000       0x46 MCAL/GI_program.o
 .debug_aranges
                0x00000000       0x28 MCAL/GI_program.o
 .debug_ranges  0x00000000       0x18 MCAL/GI_program.o
 .debug_line    0x00000000       0x75 MCAL/GI_program.o
 .debug_str     0x00000000      0x17d MCAL/GI_program.o
 .comment       0x00000000       0x31 MCAL/GI_program.o
 .debug_frame   0x00000000       0x34 MCAL/GI_program.o
 .text          0x00000000        0x0 MCAL/TMR0_program.o
 .data          0x00000000        0x0 MCAL/TMR0_program.o
 .bss           0x00000000        0x0 MCAL/TMR0_program.o
 .text.TMR0_setCallBackOVF
                0x00000000        0xe MCAL/TMR0_program.o
 .text.TMR0_setCallBackCTC
                0x00000000        0xe MCAL/TMR0_program.o
 .text          0x00000000        0x0 MCAL/TMR1_program.o
 .data          0x00000000        0x0 MCAL/TMR1_program.o
 .bss           0x00000000        0x0 MCAL/TMR1_program.o
 .text.TMR1_stop
                0x00000000       0x14 MCAL/TMR1_program.o
 .text.TMR1_setCallBackOVF
                0x00000000        0xe MCAL/TMR1_program.o
 .text.TMR1_setCallBackCTC
                0x00000000        0xe MCAL/TMR1_program.o
 .text          0x00000000        0x0 MCAL/TWI_program.o
 .data          0x00000000        0x0 MCAL/TWI_program.o
 .bss           0x00000000        0x0 MCAL/TWI_program.o
 .text          0x00000000        0x0 MCAL/UART_program.o
 .data          0x00000000        0x0 MCAL/UART_program.o
 .bss           0x00000000        0x0 MCAL/UART_program.o
 .text          0x00000000        0x0 User_interface.o
 .data          0x00000000        0x0 User_interface.o
 .bss           0x00000000        0x0 User_interface.o
 .text          0x00000000        0x0 c:/program files (x86)/atmel/studio/7.0/toolchain/avr8/avr8-gnu-toolchain/bin/../lib/gcc/avr/5.4.0/../../../../avr/lib/avr5\libm.a(addsf3.o)
 .data          0x00000000        0x0 c:/program files (x86)/atmel/studio/7.0/toolchain/avr8/avr8-gnu-toolchain/bin/../lib/gcc/avr/5.4.0/../../../../avr/lib/avr5\libm.a(addsf3.o)
 .bss           0x00000000        0x0 c:/program files (x86)/atmel/studio/7.0/toolchain/avr8/avr8-gnu-toolchain/bin/../lib/gcc/avr/5.4.0/../../../../avr/lib/avr5\libm.a(addsf3.o)
 .text          0x00000000        0x0 c:/program files (x86)/atmel/studio/7.0/toolchain/avr8/avr8-gnu-toolchain/bin/../lib/gcc/avr/5.4.0/../../../../avr/lib/avr5\libm.a(addsf3x.o)
 .data          0x00000000        0x0 c:/program files (x86)/atmel/studio/7.0/toolchain/avr8/avr8-gnu-toolchain/bin/../lib/gcc/avr/5.4.0/../../../../avr/lib/avr5\libm.a(addsf3x.o)
 .bss           0x00000000        0x0 c:/program files (x86)/atmel/studio/7.0/toolchain/avr8/avr8-gnu-toolchain/bin/../lib/gcc/avr/5.4.0/../../../../avr/lib/avr5\libm.a(addsf3x.o)
 .text          0x00000000        0x0 c:/program files (x86)/atmel/studio/7.0/toolchain/avr8/avr8-gnu-toolchain/bin/../lib/gcc/avr/5.4.0/../../../../avr/lib/avr5\libm.a(cmpsf2.o)
 .data          0x00000000        0x0 c:/program files (x86)/atmel/studio/7.0/toolchain/avr8/avr8-gnu-toolchain/bin/../lib/gcc/avr/5.4.0/../../../../avr/lib/avr5\libm.a(cmpsf2.o)
 .bss           0x00000000        0x0 c:/program files (x86)/atmel/studio/7.0/toolchain/avr8/avr8-gnu-toolchain/bin/../lib/gcc/avr/5.4.0/../../../../avr/lib/avr5\libm.a(cmpsf2.o)
 .text          0x00000000        0x0 c:/program files (x86)/atmel/studio/7.0/toolchain/avr8/avr8-gnu-toolchain/bin/../lib/gcc/avr/5.4.0/../../../../avr/lib/avr5\libm.a(divsf3.o)
 .data          0x00000000        0x0 c:/program files (x86)/atmel/studio/7.0/toolchain/avr8/avr8-gnu-toolchain/bin/../lib/gcc/avr/5.4.0/../../../../avr/lib/avr5\libm.a(divsf3.o)
 .bss           0x00000000        0x0 c:/program files (x86)/atmel/studio/7.0/toolchain/avr8/avr8-gnu-toolchain/bin/../lib/gcc/avr/5.4.0/../../../../avr/lib/avr5\libm.a(divsf3.o)
 .text          0x00000000        0x0 c:/program files (x86)/atmel/studio/7.0/toolchain/avr8/avr8-gnu-toolchain/bin/../lib/gcc/avr/5.4.0/../../../../avr/lib/avr5\libm.a(divsf3x.o)
 .data          0x00000000        0x0 c:/program files (x86)/atmel/studio/7.0/toolchain/avr8/avr8-gnu-toolchain/bin/../lib/gcc/avr/5.4.0/../../../../avr/lib/avr5\libm.a(divsf3x.o)
 .bss           0x00000000        0x0 c:/program files (x86)/atmel/studio/7.0/toolchain/avr8/avr8-gnu-toolchain/bin/../lib/gcc/avr/5.4.0/../../../../avr/lib/avr5\libm.a(divsf3x.o)
 .text          0x00000000        0x0 c:/program files (x86)/atmel/studio/7.0/toolchain/avr8/avr8-gnu-toolchain/bin/../lib/gcc/avr/5.4.0/../../../../avr/lib/avr5\libm.a(fixunssfsi.o)
 .data          0x00000000        0x0 c:/program files (x86)/atmel/studio/7.0/toolchain/avr8/avr8-gnu-toolchain/bin/../lib/gcc/avr/5.4.0/../../../../avr/lib/avr5\libm.a(fixunssfsi.o)
 .bss           0x00000000        0x0 c:/program files (x86)/atmel/studio/7.0/toolchain/avr8/avr8-gnu-toolchain/bin/../lib/gcc/avr/5.4.0/../../../../avr/lib/avr5\libm.a(fixunssfsi.o)
 .text          0x00000000        0x0 c:/program files (x86)/atmel/studio/7.0/toolchain/avr8/avr8-gnu-toolchain/bin/../lib/gcc/avr/5.4.0/../../../../avr/lib/avr5\libm.a(floatsisf.o)
 .data          0x00000000        0x0 c:/program files (x86)/atmel/studio/7.0/toolchain/avr8/avr8-gnu-toolchain/bin/../lib/gcc/avr/5.4.0/../../../../avr/lib/avr5\libm.a(floatsisf.o)
 .bss           0x00000000        0x0 c:/program files (x86)/atmel/studio/7.0/toolchain/avr8/avr8-gnu-toolchain/bin/../lib/gcc/avr/5.4.0/../../../../avr/lib/avr5\libm.a(floatsisf.o)
 .text          0x00000000        0x0 c:/program files (x86)/atmel/studio/7.0/toolchain/avr8/avr8-gnu-toolchain/bin/../lib/gcc/avr/5.4.0/../../../../avr/lib/avr5\libm.a(fp_cmp.o)
 .data          0x00000000        0x0 c:/program files (x86)/atmel/studio/7.0/toolchain/avr8/avr8-gnu-toolchain/bin/../lib/gcc/avr/5.4.0/../../../../avr/lib/avr5\libm.a(fp_cmp.o)
 .bss           0x00000000        0x0 c:/program files (x86)/atmel/studio/7.0/toolchain/avr8/avr8-gnu-toolchain/bin/../lib/gcc/avr/5.4.0/../../../../avr/lib/avr5\libm.a(fp_cmp.o)
 .text          0x00000000        0x0 c:/program files (x86)/atmel/studio/7.0/toolchain/avr8/avr8-gnu-toolchain/bin/../lib/gcc/avr/5.4.0/../../../../avr/lib/avr5\libm.a(fp_inf.o)
 .data          0x00000000        0x0 c:/program files (x86)/atmel/studio/7.0/toolchain/avr8/avr8-gnu-toolchain/bin/../lib/gcc/avr/5.4.0/../../../../avr/lib/avr5\libm.a(fp_inf.o)
 .bss           0x00000000        0x0 c:/program files (x86)/atmel/studio/7.0/toolchain/avr8/avr8-gnu-toolchain/bin/../lib/gcc/avr/5.4.0/../../../../avr/lib/avr5\libm.a(fp_inf.o)
 .text          0x00000000        0x0 c:/program files (x86)/atmel/studio/7.0/toolchain/avr8/avr8-gnu-toolchain/bin/../lib/gcc/avr/5.4.0/../../../../avr/lib/avr5\libm.a(fp_nan.o)
 .data          0x00000000        0x0 c:/program files (x86)/atmel/studio/7.0/toolchain/avr8/avr8-gnu-toolchain/bin/../lib/gcc/avr/5.4.0/../../../../avr/lib/avr5\libm.a(fp_nan.o)
 .bss           0x00000000        0x0 c:/program files (x86)/atmel/studio/7.0/toolchain/avr8/avr8-gnu-toolchain/bin/../lib/gcc/avr/5.4.0/../../../../avr/lib/avr5\libm.a(fp_nan.o)
 .text          0x00000000        0x0 c:/program files (x86)/atmel/studio/7.0/toolchain/avr8/avr8-gnu-toolchain/bin/../lib/gcc/avr/5.4.0/../../../../avr/lib/avr5\libm.a(fp_pscA.o)
 .data          0x00000000        0x0 c:/program files (x86)/atmel/studio/7.0/toolchain/avr8/avr8-gnu-toolchain/bin/../lib/gcc/avr/5.4.0/../../../../avr/lib/avr5\libm.a(fp_pscA.o)
 .bss           0x00000000        0x0 c:/program files (x86)/atmel/studio/7.0/toolchain/avr8/avr8-gnu-toolchain/bin/../lib/gcc/avr/5.4.0/../../../../avr/lib/avr5\libm.a(fp_pscA.o)
 .text          0x00000000        0x0 c:/program files (x86)/atmel/studio/7.0/toolchain/avr8/avr8-gnu-toolchain/bin/../lib/gcc/avr/5.4.0/../../../../avr/lib/avr5\libm.a(fp_pscB.o)
 .data          0x00000000        0x0 c:/program files (x86)/atmel/studio/7.0/toolchain/avr8/avr8-gnu-toolchain/bin/../lib/gcc/avr/5.4.0/../../../../avr/lib/avr5\libm.a(fp_pscB.o)
 .bss           0x00000000        0x0 c:/program files (x86)/atmel/studio/7.0/toolchain/avr8/avr8-gnu-toolchain/bin/../lib/gcc/avr/5.4.0/../../../../avr/lib/avr5\libm.a(fp_pscB.o)
 .text          0x00000000        0x0 c:/program files (x86)/atmel/studio/7.0/toolchain/avr8/avr8-gnu-toolchain/bin/../lib/gcc/avr/5.4.0/../../../../avr/lib/avr5\libm.a(fp_round.o)
 .data          0x00000000        0x0 c:/program files (x86)/atmel/studio/7.0/toolchain/avr8/avr8-gnu-toolchain/bin/../lib/gcc/avr/5.4.0/../../../../avr/lib/avr5\libm.a(fp_round.o)
 .bss           0x00000000        0x0 c:/program files (x86)/atmel/studio/7.0/toolchain/avr8/avr8-gnu-toolchain/bin/../lib/gcc/avr/5.4.0/../../../../avr/lib/avr5\libm.a(fp_round.o)
 .text          0x00000000        0x0 c:/program files (x86)/atmel/studio/7.0/toolchain/avr8/avr8-gnu-toolchain/bin/../lib/gcc/avr/5.4.0/../../../../avr/lib/avr5\libm.a(fp_split3.o)
 .data          0x00000000        0x0 c:/program files (x86)/atmel/studio/7.0/toolchain/avr8/avr8-gnu-toolchain/bin/../lib/gcc/avr/5.4.0/../../../../avr/lib/avr5\libm.a(fp_split3.o)
 .bss           0x00000000        0x0 c:/program files (x86)/atmel/studio/7.0/toolchain/avr8/avr8-gnu-toolchain/bin/../lib/gcc/avr/5.4.0/../../../../avr/lib/avr5\libm.a(fp_split3.o)
 .text          0x00000000        0x0 c:/program files (x86)/atmel/studio/7.0/toolchain/avr8/avr8-gnu-toolchain/bin/../lib/gcc/avr/5.4.0/../../../../avr/lib/avr5\libm.a(fp_zero.o)
 .data          0x00000000        0x0 c:/program files (x86)/atmel/studio/7.0/toolchain/avr8/avr8-gnu-toolchain/bin/../lib/gcc/avr/5.4.0/../../../../avr/lib/avr5\libm.a(fp_zero.o)
 .bss           0x00000000        0x0 c:/program files (x86)/atmel/studio/7.0/toolchain/avr8/avr8-gnu-toolchain/bin/../lib/gcc/avr/5.4.0/../../../../avr/lib/avr5\libm.a(fp_zero.o)
 .text          0x00000000        0x0 c:/program files (x86)/atmel/studio/7.0/toolchain/avr8/avr8-gnu-toolchain/bin/../lib/gcc/avr/5.4.0/../../../../avr/lib/avr5\libm.a(mulsf3.o)
 .data          0x00000000        0x0 c:/program files (x86)/atmel/studio/7.0/toolchain/avr8/avr8-gnu-toolchain/bin/../lib/gcc/avr/5.4.0/../../../../avr/lib/avr5\libm.a(mulsf3.o)
 .bss           0x00000000        0x0 c:/program files (x86)/atmel/studio/7.0/toolchain/avr8/avr8-gnu-toolchain/bin/../lib/gcc/avr/5.4.0/../../../../avr/lib/avr5\libm.a(mulsf3.o)
 .text          0x00000000        0x0 c:/program files (x86)/atmel/studio/7.0/toolchain/avr8/avr8-gnu-toolchain/bin/../lib/gcc/avr/5.4.0/../../../../avr/lib/avr5\libm.a(mulsf3x.o)
 .data          0x00000000        0x0 c:/program files (x86)/atmel/studio/7.0/toolchain/avr8/avr8-gnu-toolchain/bin/../lib/gcc/avr/5.4.0/../../../../avr/lib/avr5\libm.a(mulsf3x.o)
 .bss           0x00000000        0x0 c:/program files (x86)/atmel/studio/7.0/toolchain/avr8/avr8-gnu-toolchain/bin/../lib/gcc/avr/5.4.0/../../../../avr/lib/avr5\libm.a(mulsf3x.o)
 .text          0x00000000        0x0 c:/program files (x86)/atmel/studio/7.0/toolchain/avr8/avr8-gnu-toolchain/bin/../lib/gcc/avr/5.4.0/avr5\libgcc.a(_divmodhi4.o)
 .data          0x00000000        0x0 c:/program files (x86)/atmel/studio/7.0/toolchain/avr8/avr8-gnu-toolchain/bin/../lib/gcc/avr/5.4.0/avr5\libgcc.a(_divmodhi4.o)
 .bss           0x00000000        0x0 c:/program files (x86)/atmel/studio/7.0/toolchain/avr8/avr8-gnu-toolchain/bin/../lib/gcc/avr/5.4.0/avr5\libgcc.a(_divmodhi4.o)
 .text.libgcc.mul
                0x00000000        0x0 c:/program files (x86)/atmel/studio/7.0/toolchain/avr8/avr8-gnu-toolchain/bin/../lib/gcc/avr/5.4.0/avr5\libgcc.a(_divmodhi4.o)
 .text.libgcc   0x00000000        0x0 c:/program files (x86)/atmel/studio/7.0/toolchain/avr8/avr8-gnu-toolchain/bin/../lib/gcc/avr/5.4.0/avr5\libgcc.a(_divmodhi4.o)
 .text.libgcc.prologue
                0x00000000        0x0 c:/program files (x86)/atmel/studio/7.0/toolchain/avr8/avr8-gnu-toolchain/bin/../lib/gcc/avr/5.4.0/avr5\libgcc.a(_divmodhi4.o)
 .text.libgcc.builtins
                0x00000000        0x0 c:/program files (x86)/atmel/studio/7.0/toolchain/avr8/avr8-gnu-toolchain/bin/../lib/gcc/avr/5.4.0/avr5\libgcc.a(_divmodhi4.o)
 .text.libgcc.fmul
                0x00000000        0x0 c:/program files (x86)/atmel/studio/7.0/toolchain/avr8/avr8-gnu-toolchain/bin/../lib/gcc/avr/5.4.0/avr5\libgcc.a(_divmodhi4.o)
 .text.libgcc.fixed
                0x00000000        0x0 c:/program files (x86)/atmel/studio/7.0/toolchain/avr8/avr8-gnu-toolchain/bin/../lib/gcc/avr/5.4.0/avr5\libgcc.a(_divmodhi4.o)
 .text          0x00000000        0x0 c:/program files (x86)/atmel/studio/7.0/toolchain/avr8/avr8-gnu-toolchain/bin/../lib/gcc/avr/5.4.0/avr5\libgcc.a(_udivmodsi4.o)
 .data          0x00000000        0x0 c:/program files (x86)/atmel/studio/7.0/toolchain/avr8/avr8-gnu-toolchain/bin/../lib/gcc/avr/5.4.0/avr5\libgcc.a(_udivmodsi4.o)
 .bss           0x00000000        0x0 c:/program files (x86)/atmel/studio/7.0/toolchain/avr8/avr8-gnu-toolchain/bin/../lib/gcc/avr/5.4.0/avr5\libgcc.a(_udivmodsi4.o)
 .text.libgcc.mul
                0x00000000        0x0 c:/program files (x86)/atmel/studio/7.0/toolchain/avr8/avr8-gnu-toolchain/bin/../lib/gcc/avr/5.4.0/avr5\libgcc.a(_udivmodsi4.o)
 .text.libgcc   0x00000000        0x0 c:/program files (x86)/atmel/studio/7.0/toolchain/avr8/avr8-gnu-toolchain/bin/../lib/gcc/avr/5.4.0/avr5\libgcc.a(_udivmodsi4.o)
 .text.libgcc.prologue
                0x00000000        0x0 c:/program files (x86)/atmel/studio/7.0/toolchain/avr8/avr8-gnu-toolchain/bin/../lib/gcc/avr/5.4.0/avr5\libgcc.a(_udivmodsi4.o)
 .text.libgcc.builtins
                0x00000000        0x0 c:/program files (x86)/atmel/studio/7.0/toolchain/avr8/avr8-gnu-toolchain/bin/../lib/gcc/avr/5.4.0/avr5\libgcc.a(_udivmodsi4.o)
 .text.libgcc.fmul
                0x00000000        0x0 c:/program files (x86)/atmel/studio/7.0/toolchain/avr8/avr8-gnu-toolchain/bin/../lib/gcc/avr/5.4.0/avr5\libgcc.a(_udivmodsi4.o)
 .text.libgcc.fixed
                0x00000000        0x0 c:/program files (x86)/atmel/studio/7.0/toolchain/avr8/avr8-gnu-toolchain/bin/../lib/gcc/avr/5.4.0/avr5\libgcc.a(_udivmodsi4.o)
 .text          0x00000000        0x0 c:/program files (x86)/atmel/studio/7.0/toolchain/avr8/avr8-gnu-toolchain/bin/../lib/gcc/avr/5.4.0/avr5\libgcc.a(_exit.o)
 .data          0x00000000        0x0 c:/program files (x86)/atmel/studio/7.0/toolchain/avr8/avr8-gnu-toolchain/bin/../lib/gcc/avr/5.4.0/avr5\libgcc.a(_exit.o)
 .bss           0x00000000        0x0 c:/program files (x86)/atmel/studio/7.0/toolchain/avr8/avr8-gnu-toolchain/bin/../lib/gcc/avr/5.4.0/avr5\libgcc.a(_exit.o)
 .text.libgcc.mul
                0x00000000        0x0 c:/program files (x86)/atmel/studio/7.0/toolchain/avr8/avr8-gnu-toolchain/bin/../lib/gcc/avr/5.4.0/avr5\libgcc.a(_exit.o)
 .text.libgcc.div
                0x00000000        0x0 c:/program files (x86)/atmel/studio/7.0/toolchain/avr8/avr8-gnu-toolchain/bin/../lib/gcc/avr/5.4.0/avr5\libgcc.a(_exit.o)
 .text.libgcc   0x00000000        0x0 c:/program files (x86)/atmel/studio/7.0/toolchain/avr8/avr8-gnu-toolchain/bin/../lib/gcc/avr/5.4.0/avr5\libgcc.a(_exit.o)
 .text.libgcc.prologue
                0x00000000        0x0 c:/program files (x86)/atmel/studio/7.0/toolchain/avr8/avr8-gnu-toolchain/bin/../lib/gcc/avr/5.4.0/avr5\libgcc.a(_exit.o)
 .text.libgcc.builtins
                0x00000000        0x0 c:/program files (x86)/atmel/studio/7.0/toolchain/avr8/avr8-gnu-toolchain/bin/../lib/gcc/avr/5.4.0/avr5\libgcc.a(_exit.o)
 .text.libgcc.fmul
                0x00000000        0x0 c:/program files (x86)/atmel/studio/7.0/toolchain/avr8/avr8-gnu-toolchain/bin/../lib/gcc/avr/5.4.0/avr5\libgcc.a(_exit.o)
 .text.libgcc.fixed
                0x00000000        0x0 c:/program files (x86)/atmel/studio/7.0/toolchain/avr8/avr8-gnu-toolchain/bin/../lib/gcc/avr/5.4.0/avr5\libgcc.a(_exit.o)
 .text          0x00000000        0x0 c:/program files (x86)/atmel/studio/7.0/toolchain/avr8/avr8-gnu-toolchain/bin/../lib/gcc/avr/5.4.0/avr5\libgcc.a(_tablejump2.o)
 .data          0x00000000        0x0 c:/program files (x86)/atmel/studio/7.0/toolchain/avr8/avr8-gnu-toolchain/bin/../lib/gcc/avr/5.4.0/avr5\libgcc.a(_tablejump2.o)
 .bss           0x00000000        0x0 c:/program files (x86)/atmel/studio/7.0/toolchain/avr8/avr8-gnu-toolchain/bin/../lib/gcc/avr/5.4.0/avr5\libgcc.a(_tablejump2.o)
 .text.libgcc.mul
                0x00000000        0x0 c:/program files (x86)/atmel/studio/7.0/toolchain/avr8/avr8-gnu-toolchain/bin/../lib/gcc/avr/5.4.0/avr5\libgcc.a(_tablejump2.o)
 .text.libgcc.div
                0x00000000        0x0 c:/program files (x86)/atmel/studio/7.0/toolchain/avr8/avr8-gnu-toolchain/bin/../lib/gcc/avr/5.4.0/avr5\libgcc.a(_tablejump2.o)
 .text.libgcc.prologue
                0x00000000        0x0 c:/program files (x86)/atmel/studio/7.0/toolchain/avr8/avr8-gnu-toolchain/bin/../lib/gcc/avr/5.4.0/avr5\libgcc.a(_tablejump2.o)
 .text.libgcc.builtins
                0x00000000        0x0 c:/program files (x86)/atmel/studio/7.0/toolchain/avr8/avr8-gnu-toolchain/bin/../lib/gcc/avr/5.4.0/avr5\libgcc.a(_tablejump2.o)
 .text.libgcc.fmul
                0x00000000        0x0 c:/program files (x86)/atmel/studio/7.0/toolchain/avr8/avr8-gnu-toolchain/bin/../lib/gcc/avr/5.4.0/avr5\libgcc.a(_tablejump2.o)
 .text.libgcc.fixed
                0x00000000        0x0 c:/program files (x86)/atmel/studio/7.0/toolchain/avr8/avr8-gnu-toolchain/bin/../lib/gcc/avr/5.4.0/avr5\libgcc.a(_tablejump2.o)
 .text          0x00000000        0x0 c:/program files (x86)/atmel/studio/7.0/toolchain/avr8/avr8-gnu-toolchain/bin/../lib/gcc/avr/5.4.0/avr5\libgcc.a(_copy_data.o)
 .data          0x00000000        0x0 c:/program files (x86)/atmel/studio/7.0/toolchain/avr8/avr8-gnu-toolchain/bin/../lib/gcc/avr/5.4.0/avr5\libgcc.a(_copy_data.o)
 .bss           0x00000000        0x0 c:/program files (x86)/atmel/studio/7.0/toolchain/avr8/avr8-gnu-toolchain/bin/../lib/gcc/avr/5.4.0/avr5\libgcc.a(_copy_data.o)
 .text.libgcc.mul
                0x00000000        0x0 c:/program files (x86)/atmel/studio/7.0/toolchain/avr8/avr8-gnu-toolchain/bin/../lib/gcc/avr/5.4.0/avr5\libgcc.a(_copy_data.o)
 .text.libgcc.div
                0x00000000        0x0 c:/program files (x86)/atmel/studio/7.0/toolchain/avr8/avr8-gnu-toolchain/bin/../lib/gcc/avr/5.4.0/avr5\libgcc.a(_copy_data.o)
 .text.libgcc   0x00000000        0x0 c:/program files (x86)/atmel/studio/7.0/toolchain/avr8/avr8-gnu-toolchain/bin/../lib/gcc/avr/5.4.0/avr5\libgcc.a(_copy_data.o)
 .text.libgcc.prologue
                0x00000000        0x0 c:/program files (x86)/atmel/studio/7.0/toolchain/avr8/avr8-gnu-toolchain/bin/../lib/gcc/avr/5.4.0/avr5\libgcc.a(_copy_data.o)
 .text.libgcc.builtins
                0x00000000        0x0 c:/program files (x86)/atmel/studio/7.0/toolchain/avr8/avr8-gnu-toolchain/bin/../lib/gcc/avr/5.4.0/avr5\libgcc.a(_copy_data.o)
 .text.libgcc.fmul
                0x00000000        0x0 c:/program files (x86)/atmel/studio/7.0/toolchain/avr8/avr8-gnu-toolchain/bin/../lib/gcc/avr/5.4.0/avr5\libgcc.a(_copy_data.o)
 .text.libgcc.fixed
                0x00000000        0x0 c:/program files (x86)/atmel/studio/7.0/toolchain/avr8/avr8-gnu-toolchain/bin/../lib/gcc/avr/5.4.0/avr5\libgcc.a(_copy_data.o)
 .text          0x00000000        0x0 c:/program files (x86)/atmel/studio/7.0/toolchain/avr8/avr8-gnu-toolchain/bin/../lib/gcc/avr/5.4.0/avr5\libgcc.a(_clear_bss.o)
 .data          0x00000000        0x0 c:/program files (x86)/atmel/studio/7.0/toolchain/avr8/avr8-gnu-toolchain/bin/../lib/gcc/avr/5.4.0/avr5\libgcc.a(_clear_bss.o)
 .bss           0x00000000        0x0 c:/program files (x86)/atmel/studio/7.0/toolchain/avr8/avr8-gnu-toolchain/bin/../lib/gcc/avr/5.4.0/avr5\libgcc.a(_clear_bss.o)
 .text.libgcc.mul
                0x00000000        0x0 c:/program files (x86)/atmel/studio/7.0/toolchain/avr8/avr8-gnu-toolchain/bin/../lib/gcc/avr/5.4.0/avr5\libgcc.a(_clear_bss.o)
 .text.libgcc.div
                0x00000000        0x0 c:/program files (x86)/atmel/studio/7.0/toolchain/avr8/avr8-gnu-toolchain/bin/../lib/gcc/avr/5.4.0/avr5\libgcc.a(_clear_bss.o)
 .text.libgcc   0x00000000        0x0 c:/program files (x86)/atmel/studio/7.0/toolchain/avr8/avr8-gnu-toolchain/bin/../lib/gcc/avr/5.4.0/avr5\libgcc.a(_clear_bss.o)
 .text.libgcc.prologue
                0x00000000        0x0 c:/program files (x86)/atmel/studio/7.0/toolchain/avr8/avr8-gnu-toolchain/bin/../lib/gcc/avr/5.4.0/avr5\libgcc.a(_clear_bss.o)
 .text.libgcc.builtins
                0x00000000        0x0 c:/program files (x86)/atmel/studio/7.0/toolchain/avr8/avr8-gnu-toolchain/bin/../lib/gcc/avr/5.4.0/avr5\libgcc.a(_clear_bss.o)
 .text.libgcc.fmul
                0x00000000        0x0 c:/program files (x86)/atmel/studio/7.0/toolchain/avr8/avr8-gnu-toolchain/bin/../lib/gcc/avr/5.4.0/avr5\libgcc.a(_clear_bss.o)
 .text.libgcc.fixed
                0x00000000        0x0 c:/program files (x86)/atmel/studio/7.0/toolchain/avr8/avr8-gnu-toolchain/bin/../lib/gcc/avr/5.4.0/avr5\libgcc.a(_clear_bss.o)
 .text          0x00000000        0x0 c:/program files (x86)/atmel/studio/7.0/toolchain/avr8/avr8-gnu-toolchain/bin/../lib/gcc/avr/5.4.0/avr5\libgcc.a(_umulhisi3.o)
 .data          0x00000000        0x0 c:/program files (x86)/atmel/studio/7.0/toolchain/avr8/avr8-gnu-toolchain/bin/../lib/gcc/avr/5.4.0/avr5\libgcc.a(_umulhisi3.o)
 .bss           0x00000000        0x0 c:/program files (x86)/atmel/studio/7.0/toolchain/avr8/avr8-gnu-toolchain/bin/../lib/gcc/avr/5.4.0/avr5\libgcc.a(_umulhisi3.o)
 .text.libgcc.div
                0x00000000        0x0 c:/program files (x86)/atmel/studio/7.0/toolchain/avr8/avr8-gnu-toolchain/bin/../lib/gcc/avr/5.4.0/avr5\libgcc.a(_umulhisi3.o)
 .text.libgcc   0x00000000        0x0 c:/program files (x86)/atmel/studio/7.0/toolchain/avr8/avr8-gnu-toolchain/bin/../lib/gcc/avr/5.4.0/avr5\libgcc.a(_umulhisi3.o)
 .text.libgcc.prologue
                0x00000000        0x0 c:/program files (x86)/atmel/studio/7.0/toolchain/avr8/avr8-gnu-toolchain/bin/../lib/gcc/avr/5.4.0/avr5\libgcc.a(_umulhisi3.o)
 .text.libgcc.builtins
                0x00000000        0x0 c:/program files (x86)/atmel/studio/7.0/toolchain/avr8/avr8-gnu-toolchain/bin/../lib/gcc/avr/5.4.0/avr5\libgcc.a(_umulhisi3.o)
 .text.libgcc.fmul
                0x00000000        0x0 c:/program files (x86)/atmel/studio/7.0/toolchain/avr8/avr8-gnu-toolchain/bin/../lib/gcc/avr/5.4.0/avr5\libgcc.a(_umulhisi3.o)
 .text.libgcc.fixed
                0x00000000        0x0 c:/program files (x86)/atmel/studio/7.0/toolchain/avr8/avr8-gnu-toolchain/bin/../lib/gcc/avr/5.4.0/avr5\libgcc.a(_umulhisi3.o)
 .text          0x00000000        0x0 c:/program files (x86)/atmel/studio/7.0/toolchain/avr8/avr8-gnu-toolchain/bin/../lib/gcc/avr/5.4.0/avr5\libgcc.a(_udivmodhi4.o)
 .data          0x00000000        0x0 c:/program files (x86)/atmel/studio/7.0/toolchain/avr8/avr8-gnu-toolchain/bin/../lib/gcc/avr/5.4.0/avr5\libgcc.a(_udivmodhi4.o)
 .bss           0x00000000        0x0 c:/program files (x86)/atmel/studio/7.0/toolchain/avr8/avr8-gnu-toolchain/bin/../lib/gcc/avr/5.4.0/avr5\libgcc.a(_udivmodhi4.o)
 .text.libgcc.mul
                0x00000000        0x0 c:/program files (x86)/atmel/studio/7.0/toolchain/avr8/avr8-gnu-toolchain/bin/../lib/gcc/avr/5.4.0/avr5\libgcc.a(_udivmodhi4.o)
 .text.libgcc   0x00000000        0x0 c:/program files (x86)/atmel/studio/7.0/toolchain/avr8/avr8-gnu-toolchain/bin/../lib/gcc/avr/5.4.0/avr5\libgcc.a(_udivmodhi4.o)
 .text.libgcc.prologue
                0x00000000        0x0 c:/program files (x86)/atmel/studio/7.0/toolchain/avr8/avr8-gnu-toolchain/bin/../lib/gcc/avr/5.4.0/avr5\libgcc.a(_udivmodhi4.o)
 .text.libgcc.builtins
                0x00000000        0x0 c:/program files (x86)/atmel/studio/7.0/toolchain/avr8/avr8-gnu-toolchain/bin/../lib/gcc/avr/5.4.0/avr5\libgcc.a(_udivmodhi4.o)
 .text.libgcc.fmul
                0x00000000        0x0 c:/program files (x86)/atmel/studio/7.0/toolchain/avr8/avr8-gnu-toolchain/bin/../lib/gcc/avr/5.4.0/avr5\libgcc.a(_udivmodhi4.o)
 .text.libgcc.fixed
                0x00000000        0x0 c:/program files (x86)/atmel/studio/7.0/toolchain/avr8/avr8-gnu-toolchain/bin/../lib/gcc/avr/5.4.0/avr5\libgcc.a(_udivmodhi4.o)

Memory Configuration

Name             Origin             Length             Attributes
text             0x00000000         0x00008000         xr
data             0x00800060         0x00000800         rw !x
eeprom           0x00810000         0x00000400         rw !x
fuse             0x00820000         0x00000002         rw !x
lock             0x00830000         0x00000400         rw !x
signature        0x00840000         0x00000400         rw !x
user_signatures  0x00850000         0x00000400         rw !x
*default*        0x00000000         0xffffffff

Linker script and memory map

LOAD C:/Program Files (x86)/Atmel/Studio/7.0/Packs/atmel/ATmega_DFP/1.7.374/gcc/dev/atmega32/avr5/crtatmega32.o
LOAD Admin_interface.o
LOAD HAL/BUZ_program.o
LOAD HAL/DCM_program.o
LOAD HAL/EEPROM_program.o
LOAD HAL/KPD_program.o
LOAD HAL/LCD_program.o
LOAD HAL/LED_program.o
LOAD HAL/LM35_program.o
LOAD HAL/SRVM_program.o
LOAD HOME_interface.o
LOAD main.o
LOAD MCAL/ADC_program.o
LOAD MCAL/DIO_program.o
LOAD MCAL/EXTI_pragram.o
LOAD MCAL/GI_program.o
LOAD MCAL/TMR0_program.o
LOAD MCAL/TMR1_program.o
LOAD MCAL/TWI_program.o
LOAD MCAL/UART_program.o
LOAD User_interface.o
START GROUP
LOAD c:/program files (x86)/atmel/studio/7.0/toolchain/avr8/avr8-gnu-toolchain/bin/../lib/gcc/avr/5.4.0/../../../../avr/lib/avr5\libm.a
END GROUP
START GROUP
LOAD c:/program files (x86)/atmel/studio/7.0/toolchain/avr8/avr8-gnu-toolchain/bin/../lib/gcc/avr/5.4.0/avr5\libgcc.a
LOAD c:/program files (x86)/atmel/studio/7.0/toolchain/avr8/avr8-gnu-toolchain/bin/../lib/gcc/avr/5.4.0/../../../../avr/lib/avr5\libm.a
LOAD c:/program files (x86)/atmel/studio/7.0/toolchain/avr8/avr8-gnu-toolchain/bin/../lib/gcc/avr/5.4.0/../../../../avr/lib/avr5\libc.a
LOAD C:/Program Files (x86)/Atmel/Studio/7.0/Packs/atmel/ATmega_DFP/1.7.374/gcc/dev/atmega32/avr5\libatmega32.a
END GROUP
                0x00000000                __TEXT_REGION_ORIGIN__ = DEFINED (__TEXT_REGION_ORIGIN__)?__TEXT_REGION_ORIGIN__:0x0
                [0x00800060]                __DATA_REGION_ORIGIN__ = DEFINED (__DATA_REGION_ORIGIN__)?__DATA_REGION_ORIGIN__:0x800060
                [0x00008000]                __TEXT_REGION_LENGTH__ = DEFINED (__TEXT_REGION_LENGTH__)?__TEXT_REGION_LENGTH__:0x20000
                [0x00000800]                __DATA_REGION_LENGTH__ = DEFINED (__DATA_REGION_LENGTH__)?__DATA_REGION_LENGTH__:0xffa0
                [0x00000400]                __EEPROM_REGION_LENGTH__ = DEFINED (__EEPROM_REGION_LENGTH__)?__EEPROM_REGION_LENGTH__:0x10000
                [0x00000002]                __FUSE_REGION_LENGTH__ = DEFINED (__FUSE_REGION_LENGTH__)?__FUSE_REGION_LENGTH__:0x400
                0x00000400                __LOCK_REGION_LENGTH__ = DEFINED (__LOCK_REGION_LENGTH__)?__LOCK_REGION_LENGTH__:0x400
                0x00000400                __SIGNATURE_REGION_LENGTH__ = DEFINED (__SIGNATURE_REGION_LENGTH__)?__SIGNATURE_REGION_LENGTH__:0x400
                0x00000400                __USER_SIGNATURE_REGION_LENGTH__ = DEFINED (__USER_SIGNATURE_REGION_LENGTH__)?__USER_SIGNATURE_REGION_LENGTH__:0x400

.hash
 *(.hash)

.dynsym
 *(.dynsym)

.dynstr
 *(.dynstr)

.gnu.version
 *(.gnu.version)

.gnu.version_d
 *(.gnu.version_d)

.gnu.version_r
 *(.gnu.version_r)

.rel.init
 *(.rel.init)

.rela.init
 *(.rela.init)

.rel.text
 *(.rel.text)
 *(.rel.text.*)
 *(.rel.gnu.linkonce.t*)

.rela.text
 *(.rela.text)
 *(.rela.text.*)
 *(.rela.gnu.linkonce.t*)

.rel.fini
 *(.rel.fini)

.rela.fini
 *(.rela.fini)

.rel.rodata
 *(.rel.rodata)
 *(.rel.rodata.*)
 *(.rel.gnu.linkonce.r*)

.rela.rodata
 *(.rela.rodata)
 *(.rela.rodata.*)
 *(.rela.gnu.linkonce.r*)

.rel.data
 *(.rel.data)
 *(.rel.data.*)
 *(.rel.gnu.linkonce.d*)

.rela.data
 *(.rela.data)
 *(.rela.data.*)
 *(.rela.gnu.linkonce.d*)

.rel.ctors
 *(.rel.ctors)

.rela.ctors
 *(.rela.ctors)

.rel.dtors
 *(.rel.dtors)

.rela.dtors
 *(.rela.dtors)

.rel.got
 *(.rel.got)

.rela.got
 *(.rela.got)

.rel.bss
 *(.rel.bss)

.rela.bss
 *(.rela.bss)

.rel.plt
 *(.rel.plt)

.rela.plt
 *(.rela.plt)

.text           0x00000000     0x26d8
 *(.vectors)
 .vectors       0x00000000       0x54 C:/Program Files (x86)/Atmel/Studio/7.0/Packs/atmel/ATmega_DFP/1.7.374/gcc/dev/atmega32/avr5/crtatmega32.o
                0x00000000                __vector_default
                0x00000000                __vectors
 *(.vectors)
 *(.progmem.gcc*)
 .progmem.gcc_sw_table.ADMIN_HOME_Cntrl
                0x00000054        0xe HOME_interface.o
                0x00000062                . = ALIGN (0x2)
                0x00000062                __trampolines_start = .
 *(.trampolines)
 .trampolines   0x00000062        0x0 linker stubs
 *(.trampolines*)
                0x00000062                __trampolines_end = .
 *libprintf_flt.a:*(.progmem.data)
 *libc.a:*(.progmem.data)
 *(.progmem*)
                0x00000062                . = ALIGN (0x2)
 *(.jumptables)
 *(.jumptables*)
 *(.lowtext)
 *(.lowtext*)
                0x00000062                __ctors_start = .
 *(.ctors)
                0x00000062                __ctors_end = .
                0x00000062                __dtors_start = .
 *(.dtors)
                0x00000062                __dtors_end = .
 SORT(*)(.ctors)
 SORT(*)(.dtors)
 *(.init0)
 .init0         0x00000062        0x0 C:/Program Files (x86)/Atmel/Studio/7.0/Packs/atmel/ATmega_DFP/1.7.374/gcc/dev/atmega32/avr5/crtatmega32.o
                0x00000062                __init
 *(.init0)
 *(.init1)
 *(.init1)
 *(.init2)
 .init2         0x00000062        0xc C:/Program Files (x86)/Atmel/Studio/7.0/Packs/atmel/ATmega_DFP/1.7.374/gcc/dev/atmega32/avr5/crtatmega32.o
 *(.init2)
 *(.init3)
 *(.init3)
 *(.init4)
 .init4         0x0000006e       0x16 c:/program files (x86)/atmel/studio/7.0/toolchain/avr8/avr8-gnu-toolchain/bin/../lib/gcc/avr/5.4.0/avr5\libgcc.a(_copy_data.o)
                0x0000006e                __do_copy_data
 .init4         0x00000084       0x10 c:/program files (x86)/atmel/studio/7.0/toolchain/avr8/avr8-gnu-toolchain/bin/../lib/gcc/avr/5.4.0/avr5\libgcc.a(_clear_bss.o)
                0x00000084                __do_clear_bss
 *(.init4)
 *(.init5)
 *(.init5)
 *(.init6)
 *(.init6)
 *(.init7)
 *(.init7)
 *(.init8)
 *(.init8)
 *(.init9)
 .init9         0x00000094        0x8 C:/Program Files (x86)/Atmel/Studio/7.0/Packs/atmel/ATmega_DFP/1.7.374/gcc/dev/atmega32/avr5/crtatmega32.o
 *(.init9)
 *(.text)
 .text          0x0000009c        0x4 C:/Program Files (x86)/Atmel/Studio/7.0/Packs/atmel/ATmega_DFP/1.7.374/gcc/dev/atmega32/avr5/crtatmega32.o
                0x0000009c                __vector_12
                0x0000009c                __bad_interrupt
                0x0000009c                __vector_6
                0x0000009c                __vector_13
                0x0000009c                __vector_17
                0x0000009c                __vector_19
                0x0000009c                __vector_5
                0x0000009c                __vector_4
                0x0000009c                __vector_15
                0x0000009c                __vector_8
                0x0000009c                __vector_14
                0x0000009c                __vector_16
                0x0000009c                __vector_18
                0x0000009c                __vector_20
                0x000000a0                . = ALIGN (0x2)
 *(.text.*)
 .text.Compare_info
                0x000000a0       0x3c Admin_interface.o
                0x000000a0                Compare_info
 .text.ADMIN_LogIn
                0x000000dc       0xea Admin_interface.o
                0x000000dc                ADMIN_LogIn
 .text.ADMIN_Set_UsernameAndPassword
                0x000001c6       0xbe Admin_interface.o
                0x000001c6                ADMIN_Set_UsernameAndPassword
 .text.ADMIN_MODE_Init
                0x00000284       0x8a Admin_interface.o
                0x00000284                ADMIN_MODE_Init
 .text.ADMIN_Add_User
                0x0000030e      0x132 Admin_interface.o
                0x0000030e                ADMIN_Add_User
 .text.ADMIN_Remove_User
                0x00000440      0x172 Admin_interface.o
                0x00000440                ADMIN_Remove_User
 .text.BUZ_init
                0x000005b2        0x8 HAL/BUZ_program.o
                0x000005b2                BUZ_init
 .text.BUZ_on   0x000005ba        0x8 HAL/BUZ_program.o
                0x000005ba                BUZ_on
 .text.BUZ_off  0x000005c2        0x8 HAL/BUZ_program.o
                0x000005c2                BUZ_off
 .text.DCM_init
                0x000005ca       0x4a HAL/DCM_program.o
                0x000005ca                DCM_init
 .text.DCM_on   0x00000614       0x8a HAL/DCM_program.o
                0x00000614                DCM_on
 .text.DCM_off  0x0000069e       0x22 HAL/DCM_program.o
                0x0000069e                DCM_off
 .text.EEPROM_init
                0x000006c0        0x6 HAL/EEPROM_program.o
                0x000006c0                EEPROM_init
 .text.EEPROM_writeByte
                0x000006c6       0x3c HAL/EEPROM_program.o
                0x000006c6                EEPROM_writeByte
 .text.EEPROM_readByte
                0x00000702       0x50 HAL/EEPROM_program.o
                0x00000702                EEPROM_readByte
 .text.EEPROM_writePage
                0x00000752       0x60 HAL/EEPROM_program.o
                0x00000752                EEPROM_writePage
 .text.EEPROM_readPage
                0x000007b2       0x7e HAL/EEPROM_program.o
                0x000007b2                EEPROM_readPage
 .text.KPD_init
                0x00000830       0x72 HAL/KPD_program.o
                0x00000830                KPD_init
 .text.KPD_getValue
                0x000008a2      0x144 HAL/KPD_program.o
                0x000008a2                KPD_getValue
 .text.LCD_sendchar
                0x000009e6       0xcc HAL/LCD_program.o
                0x000009e6                LCD_sendchar
 .text.LCD_sendcomand
                0x00000ab2       0xcc HAL/LCD_program.o
                0x00000ab2                LCD_sendcomand
 .text.LCD_init
                0x00000b7e       0xe6 HAL/LCD_program.o
                0x00000b7e                LCD_init
 .text.LCD_clear
                0x00000c64       0x14 HAL/LCD_program.o
                0x00000c64                LCD_clear
 .text.LCD_writeString
                0x00000c78       0x2c HAL/LCD_program.o
                0x00000c78                LCD_writeString
 .text.LCD_goToSpecificPosition
                0x00000ca4       0x2a HAL/LCD_program.o
                0x00000ca4                LCD_goToSpecificPosition
 .text.LED_init
                0x00000cce        0x8 HAL/LED_program.o
                0x00000cce                LED_init
 .text.LED_toggle
                0x00000cd6        0x6 HAL/LED_program.o
                0x00000cd6                LED_toggle
 .text.LM35_init
                0x00000cdc       0x12 HAL/LM35_program.o
                0x00000cdc                LM35_init
 .text.LM35_getTemperature
                0x00000cee       0x3c HAL/LM35_program.o
                0x00000cee                LM35_getTemperature
 .text.SRVM_init
                0x00000d2a       0x10 HAL/SRVM_program.o
                0x00000d2a                SRVM_init
 .text.SRVM_on  0x00000d3a       0x4e HAL/SRVM_program.o
                0x00000d3a                SRVM_on
 .text.LIGHT_SYSTEM
                0x00000d88       0xda HOME_interface.o
                0x00000d88                LIGHT_SYSTEM
 .text.DIMMING_LAMP
                0x00000e62       0x3e HOME_interface.o
                0x00000e62                DIMMING_LAMP
 .text.OPEN_DOOR
                0x00000ea0       0x24 HOME_interface.o
                0x00000ea0                OPEN_DOOR
 .text.CLOSE_DOOR
                0x00000ec4       0x24 HOME_interface.o
                0x00000ec4                CLOSE_DOOR
 .text.AC_STATE
                0x00000ee8       0x4e HOME_interface.o
                0x00000ee8                AC_STATE
 .text.FIRE_ALARM
                0x00000f36       0x2c HOME_interface.o
                0x00000f36                FIRE_ALARM
 .text.HOME_INIT
                0x00000f62       0x8e HOME_interface.o
                0x00000f62                HOME_INIT
 .text.ADMIN_HOME_Cntrl
                0x00000ff0      0x154 HOME_interface.o
                0x00000ff0                ADMIN_HOME_Cntrl
 .text.HOME_Start
                0x00001144       0x96 HOME_interface.o
                0x00001144                HOME_Start
 .text.USER_HOME_Cntrl_lcd
                0x000011da      0x1d0 HOME_interface.o
                0x000011da                USER_HOME_Cntrl_lcd
 .text.USER_HOME_Cntrl_remotely
                0x000013aa      0x10a HOME_interface.o
                0x000013aa                USER_HOME_Cntrl_remotely
 .text.main     0x000014b4        0xe main.o
                0x000014b4                main
 .text.ADC_init
                0x000014c2       0x62 MCAL/ADC_program.o
                0x000014c2                ADC_init
 .text.ADC_getDigitalValue
                0x00001524       0x2c MCAL/ADC_program.o
                0x00001524                ADC_getDigitalValue
 .text.DIO_SetPinDirection
                0x00001550       0xec MCAL/DIO_program.o
                0x00001550                DIO_SetPinDirection
 .text.DIO_SetPinValue
                0x0000163c       0xee MCAL/DIO_program.o
                0x0000163c                DIO_SetPinValue
 .text.DIO_TooglePinValue
                0x0000172a       0x70 MCAL/DIO_program.o
                0x0000172a                DIO_TooglePinValue
 .text.DIO_getPinValue
                0x0000179a       0x76 MCAL/DIO_program.o
                0x0000179a                DIO_getPinValue
 .text.DIO_ActivePinPullUpResistance
                0x00001810       0x70 MCAL/DIO_program.o
                0x00001810                DIO_ActivePinPullUpResistance
 .text.__vector_1
                0x00001880       0x52 MCAL/EXTI_pragram.o
                0x00001880                __vector_1
 .text.__vector_2
                0x000018d2       0x52 MCAL/EXTI_pragram.o
                0x000018d2                __vector_2
 .text.__vector_3
                0x00001924       0x52 MCAL/EXTI_pragram.o
                0x00001924                __vector_3
 .text.TMR0_init
                0x00001976       0x1a MCAL/TMR0_program.o
                0x00001976                TMR0_init
 .text.TMR0_start
                0x00001990       0x14 MCAL/TMR0_program.o
                0x00001990                TMR0_start
 .text.TMR0_setDutyCycleUsingFastPWM
                0x000019a4       0x16 MCAL/TMR0_program.o
                0x000019a4                TMR0_setDutyCycleUsingFastPWM
 .text.__vector_11
                0x000019ba       0x76 MCAL/TMR0_program.o
                0x000019ba                __vector_11
 .text.__vector_10
                0x00001a30       0x72 MCAL/TMR0_program.o
                0x00001a30                __vector_10
 .text.TMR1_init
                0x00001aa2       0x26 MCAL/TMR1_program.o
                0x00001aa2                TMR1_init
 .text.TMR1_start
                0x00001ac8       0x14 MCAL/TMR1_program.o
                0x00001ac8                TMR1_start
 .text.TMR1_setFastPWM_usingMode14
                0x00001adc       0x86 MCAL/TMR1_program.o
                0x00001adc                TMR1_setFastPWM_usingMode14
 .text.__vector_9
                0x00001b62       0x6c MCAL/TMR1_program.o
                0x00001b62                __vector_9
 .text.__vector_7
                0x00001bce       0x64 MCAL/TMR1_program.o
                0x00001bce                __vector_7
 .text.TWI_initMaster
                0x00001c32       0x18 MCAL/TWI_program.o
                0x00001c32                TWI_initMaster
 .text.TWI_sendStartCondition
                0x00001c4a       0x1c MCAL/TWI_program.o
                0x00001c4a                TWI_sendStartCondition
 .text.TWI_sendRepStartCondition
                0x00001c66       0x1c MCAL/TWI_program.o
                0x00001c66                TWI_sendRepStartCondition
 .text.TWI_sendStopCondition
                0x00001c82        0xe MCAL/TWI_program.o
                0x00001c82                TWI_sendStopCondition
 .text.TWI_sendSlaveAddWithWrite
                0x00001c90       0x2a MCAL/TWI_program.o
                0x00001c90                TWI_sendSlaveAddWithWrite
 .text.TWI_sendSlaveAddWithRead
                0x00001cba       0x2a MCAL/TWI_program.o
                0x00001cba                TWI_sendSlaveAddWithRead
 .text.TWI_sendMasterDataByte
                0x00001ce4       0x18 MCAL/TWI_program.o
                0x00001ce4                TWI_sendMasterDataByte
 .text.TWI_receiveMasterDataByteWithAck
                0x00001cfc       0x2c MCAL/TWI_program.o
                0x00001cfc                TWI_receiveMasterDataByteWithAck
 .text.TWI_receiveMasterDataByteWithNack
                0x00001d28       0x20 MCAL/TWI_program.o
                0x00001d28                TWI_receiveMasterDataByteWithNack
 .text.UART_init
                0x00001d48       0x22 MCAL/UART_program.o
                0x00001d48                UART_init
 .text.UART_TxChar
                0x00001d6a        0x8 MCAL/UART_program.o
                0x00001d6a                UART_TxChar
 .text.UART_RxChar
                0x00001d72       0x10 MCAL/UART_program.o
                0x00001d72                UART_RxChar
 .text.UART_sendString
                0x00001d82       0x2c MCAL/UART_program.o
                0x00001d82                UART_sendString
 .text.UART_Rx_String
                0x00001dae       0x32 MCAL/UART_program.o
                0x00001dae                UART_Rx_String
 .text.UART_Tx_NewLine
                0x00001de0        0xe MCAL/UART_program.o
                0x00001de0                UART_Tx_NewLine
 .text.USER_LogIn
                0x00001dee      0x2b0 User_interface.o
                0x00001dee                USER_LogIn
 .text.USER_MODE_Init
                0x0000209e      0x114 User_interface.o
                0x0000209e                USER_MODE_Init
 .text.avr-libc.fplib
                0x000021b2        0xe c:/program files (x86)/atmel/studio/7.0/toolchain/avr8/avr8-gnu-toolchain/bin/../lib/gcc/avr/5.4.0/../../../../avr/lib/avr5\libm.a(addsf3.o)
                0x000021b2                __subsf3
                0x000021b4                __addsf3
 .text.avr-libc.fplib
                0x000021c0       0xcc c:/program files (x86)/atmel/studio/7.0/toolchain/avr8/avr8-gnu-toolchain/bin/../lib/gcc/avr/5.4.0/../../../../avr/lib/avr5\libm.a(addsf3x.o)
                0x000021e2                __addsf3x
 .text.avr-libc.fplib
                0x0000228c        0xa c:/program files (x86)/atmel/studio/7.0/toolchain/avr8/avr8-gnu-toolchain/bin/../lib/gcc/avr/5.4.0/../../../../avr/lib/avr5\libm.a(cmpsf2.o)
                0x0000228c                __nesf2
                0x0000228c                __eqsf2
                0x0000228c                __cmpsf2
                0x0000228c                __ltsf2
                0x0000228c                __lesf2
 .text.avr-libc.fplib
                0x00002296        0x8 c:/program files (x86)/atmel/studio/7.0/toolchain/avr8/avr8-gnu-toolchain/bin/../lib/gcc/avr/5.4.0/../../../../avr/lib/avr5\libm.a(divsf3.o)
                0x00002296                __divsf3
 .text.avr-libc.fplib
                0x0000229e       0xdc c:/program files (x86)/atmel/studio/7.0/toolchain/avr8/avr8-gnu-toolchain/bin/../lib/gcc/avr/5.4.0/../../../../avr/lib/avr5\libm.a(divsf3x.o)
                0x000022be                __divsf3x
                0x000022c4                __divsf3_pse
 .text.avr-libc.fplib
                0x0000237a       0x5e c:/program files (x86)/atmel/studio/7.0/toolchain/avr8/avr8-gnu-toolchain/bin/../lib/gcc/avr/5.4.0/../../../../avr/lib/avr5\libm.a(fixunssfsi.o)
                0x0000237a                __fixunssfsi
 .text.avr-libc.fplib
                0x000023d8       0x7a c:/program files (x86)/atmel/studio/7.0/toolchain/avr8/avr8-gnu-toolchain/bin/../lib/gcc/avr/5.4.0/../../../../avr/lib/avr5\libm.a(floatsisf.o)
                0x000023d8                __floatunsisf
                0x000023dc                __floatsisf
 .text.avr-libc.fplib
                0x00002452       0x48 c:/program files (x86)/atmel/studio/7.0/toolchain/avr8/avr8-gnu-toolchain/bin/../lib/gcc/avr/5.4.0/../../../../avr/lib/avr5\libm.a(fp_cmp.o)
                0x00002452                __fp_cmp
 .text.avr-libc.fplib
                0x0000249a        0xc c:/program files (x86)/atmel/studio/7.0/toolchain/avr8/avr8-gnu-toolchain/bin/../lib/gcc/avr/5.4.0/../../../../avr/lib/avr5\libm.a(fp_inf.o)
                0x0000249a                __fp_inf
 .text.avr-libc.fplib
                0x000024a6        0x6 c:/program files (x86)/atmel/studio/7.0/toolchain/avr8/avr8-gnu-toolchain/bin/../lib/gcc/avr/5.4.0/../../../../avr/lib/avr5\libm.a(fp_nan.o)
                0x000024a6                __fp_nan
 .text.avr-libc.fplib
                0x000024ac        0xe c:/program files (x86)/atmel/studio/7.0/toolchain/avr8/avr8-gnu-toolchain/bin/../lib/gcc/avr/5.4.0/../../../../avr/lib/avr5\libm.a(fp_pscA.o)
                0x000024ac                __fp_pscA
 .text.avr-libc.fplib
                0x000024ba        0xe c:/program files (x86)/atmel/studio/7.0/toolchain/avr8/avr8-gnu-toolchain/bin/../lib/gcc/avr/5.4.0/../../../../avr/lib/avr5\libm.a(fp_pscB.o)
                0x000024ba                __fp_pscB
 .text.avr-libc.fplib
                0x000024c8       0x22 c:/program files (x86)/atmel/studio/7.0/toolchain/avr8/avr8-gnu-toolchain/bin/../lib/gcc/avr/5.4.0/../../../../avr/lib/avr5\libm.a(fp_round.o)
                0x000024c8                __fp_round
 .text.avr-libc.fplib
                0x000024ea       0x44 c:/program files (x86)/atmel/studio/7.0/toolchain/avr8/avr8-gnu-toolchain/bin/../lib/gcc/avr/5.4.0/../../../../avr/lib/avr5\libm.a(fp_split3.o)
                0x000024ea                __fp_split3
                0x000024fa                __fp_splitA
 .text.avr-libc.fplib
                0x0000252e        0xe c:/program files (x86)/atmel/studio/7.0/toolchain/avr8/avr8-gnu-toolchain/bin/../lib/gcc/avr/5.4.0/../../../../avr/lib/avr5\libm.a(fp_zero.o)
                0x0000252e                __fp_zero
                0x00002530                __fp_szero
 .text.avr-libc.fplib
                0x0000253c        0x8 c:/program files (x86)/atmel/studio/7.0/toolchain/avr8/avr8-gnu-toolchain/bin/../lib/gcc/avr/5.4.0/../../../../avr/lib/avr5\libm.a(mulsf3.o)
                0x0000253c                __mulsf3
 .text.avr-libc.fplib
                0x00002544       0xd2 c:/program files (x86)/atmel/studio/7.0/toolchain/avr8/avr8-gnu-toolchain/bin/../lib/gcc/avr/5.4.0/../../../../avr/lib/avr5\libm.a(mulsf3x.o)
                0x00002562                __mulsf3x
                0x00002568                __mulsf3_pse
 .text.libgcc.div
                0x00002616       0x28 c:/program files (x86)/atmel/studio/7.0/toolchain/avr8/avr8-gnu-toolchain/bin/../lib/gcc/avr/5.4.0/avr5\libgcc.a(_divmodhi4.o)
                0x00002616                _div
                0x00002616                __divmodhi4
 .text.libgcc.div
                0x0000263e       0x44 c:/program files (x86)/atmel/studio/7.0/toolchain/avr8/avr8-gnu-toolchain/bin/../lib/gcc/avr/5.4.0/avr5\libgcc.a(_udivmodsi4.o)
                0x0000263e                __udivmodsi4
 .text.libgcc   0x00002682        0xc c:/program files (x86)/atmel/studio/7.0/toolchain/avr8/avr8-gnu-toolchain/bin/../lib/gcc/avr/5.4.0/avr5\libgcc.a(_tablejump2.o)
                0x00002682                __tablejump2__
 .text.libgcc.mul
                0x0000268e       0x1e c:/program files (x86)/atmel/studio/7.0/toolchain/avr8/avr8-gnu-toolchain/bin/../lib/gcc/avr/5.4.0/avr5\libgcc.a(_umulhisi3.o)
                0x0000268e                __umulhisi3
 .text.libgcc.div
                0x000026ac       0x28 c:/program files (x86)/atmel/studio/7.0/toolchain/avr8/avr8-gnu-toolchain/bin/../lib/gcc/avr/5.4.0/avr5\libgcc.a(_udivmodhi4.o)
                0x000026ac                __udivmodhi4
                0x000026d4                . = ALIGN (0x2)
 *(.fini9)
 .fini9         0x000026d4        0x0 c:/program files (x86)/atmel/studio/7.0/toolchain/avr8/avr8-gnu-toolchain/bin/../lib/gcc/avr/5.4.0/avr5\libgcc.a(_exit.o)
                0x000026d4                _exit
                0x000026d4                exit
 *(.fini9)
 *(.fini8)
 *(.fini8)
 *(.fini7)
 *(.fini7)
 *(.fini6)
 *(.fini6)
 *(.fini5)
 *(.fini5)
 *(.fini4)
 *(.fini4)
 *(.fini3)
 *(.fini3)
 *(.fini2)
 *(.fini2)
 *(.fini1)
 *(.fini1)
 *(.fini0)
 .fini0         0x000026d4        0x4 c:/program files (x86)/atmel/studio/7.0/toolchain/avr8/avr8-gnu-toolchain/bin/../lib/gcc/avr/5.4.0/avr5\libgcc.a(_exit.o)
 *(.fini0)
                0x000026d8                _etext = .

.data           0x00800060      0x624 load address 0x000026d8
                0x00800060                PROVIDE (__data_start, .)
 *(.data)
 *(.data*)
 *(.gnu.linkonce.d*)
 *(.rodata)
 .rodata        0x00800060       0x10 HAL/KPD_program.o
 *(.rodata*)
 .rodata.str1.1
                0x00800070      0x1d7 Admin_interface.o
 .rodata.str1.1
                0x00800247      0x2ef HOME_interface.o
                                0x340 (size before relaxing)
 .rodata.str1.1
                0x00800536      0x14d User_interface.o
 *(.gnu.linkonce.r*)
                0x00800684                . = ALIGN (0x2)
 *fill*         0x00800683        0x1 
                0x00800684                _edata = .
                0x00800684                PROVIDE (__data_end, .)

.bss            0x00800684       0x16
                0x00800684                PROVIDE (__bss_start, .)
 *(.bss)
 *(.bss*)
 .bss.Sign_up_trial_check.1799
                0x00800684        0x1 Admin_interface.o
 .bss.Users_count
                0x00800685        0x1 Admin_interface.o
                0x00800685                Users_count
 .bss.private_pCallBackINT2
                0x00800686        0x2 MCAL/EXTI_pragram.o
 .bss.private_pCallBackINT1
                0x00800688        0x2 MCAL/EXTI_pragram.o
 .bss.private_pCallBackINT0
                0x0080068a        0x2 MCAL/EXTI_pragram.o
 .bss.ctcCounter.1622
                0x0080068c        0x2 MCAL/TMR0_program.o
 .bss.ovfCounter.1616
                0x0080068e        0x2 MCAL/TMR0_program.o
 .bss.private_pCallBackCTC
                0x00800690        0x2 MCAL/TMR0_program.o
 .bss.private_pCallBackOVF
                0x00800692        0x2 MCAL/TMR0_program.o
 .bss.ctcCounter.1629
                0x00800694        0x1 MCAL/TMR1_program.o
 .bss.ovfCounter.1623
                0x00800695        0x1 MCAL/TMR1_program.o
 .bss.private_pCallBackCTC
                0x00800696        0x2 MCAL/TMR1_program.o
 .bss.private_pCallBackOVF
                0x00800698        0x2 MCAL/TMR1_program.o
 *(COMMON)
                0x0080069a                PROVIDE (__bss_end, .)
                0x000026d8                __data_load_start = LOADADDR (.data)
                0x00002cfc                __data_load_end = (__data_load_start + SIZEOF (.data))

.noinit         0x0080069a        0x0
                [!provide]                PROVIDE (__noinit_start, .)
 *(.noinit*)
                [!provide]                PROVIDE (__noinit_end, .)
                0x0080069a                _end = .
                [!provide]                PROVIDE (__heap_start, .)

.eeprom         0x00810000        0x0
 *(.eeprom*)
                0x00810000                __eeprom_end = .

.fuse
 *(.fuse)
 *(.lfuse)
 *(.hfuse)
 *(.efuse)

.lock
 *(.lock*)

.signature
 *(.signature*)

.user_signatures
 *(.user_signatures*)

.stab
 *(.stab)

.stabstr
 *(.stabstr)

.stab.excl
 *(.stab.excl)

.stab.exclstr
 *(.stab.exclstr)

.stab.index
 *(.stab.index)

.stab.indexstr
 *(.stab.indexstr)

.comment        0x00000000       0x30
 *(.comment)
 .comment       0x00000000       0x30 Admin_interface.o
                                 0x31 (size before relaxing)
 .comment       0x00000030       0x31 HAL/BUZ_program.o
 .comment       0x00000030       0x31 HAL/DCM_program.o
 .comment       0x00000030       0x31 HAL/EEPROM_program.o
 .comment       0x00000030       0x31 HAL/KPD_program.o
 .comment       0x00000030       0x31 HAL/LCD_program.o
 .comment       0x00000030       0x31 HAL/LED_program.o
 .comment       0x00000030       0x31 HAL/LM35_program.o
 .comment       0x00000030       0x31 HAL/SRVM_program.o
 .comment       0x00000030       0x31 HOME_interface.o
 .comment       0x00000030       0x31 main.o
 .comment       0x00000030       0x31 MCAL/ADC_program.o
 .comment       0x00000030       0x31 MCAL/DIO_program.o
 .comment       0x00000030       0x31 MCAL/EXTI_pragram.o
 .comment       0x00000030       0x31 MCAL/TMR0_program.o
 .comment       0x00000030       0x31 MCAL/TMR1_program.o
 .comment       0x00000030       0x31 MCAL/TWI_program.o
 .comment       0x00000030       0x31 MCAL/UART_program.o
 .comment       0x00000030       0x31 User_interface.o

.note.gnu.avr.deviceinfo
                0x00000000       0x3c
 .note.gnu.avr.deviceinfo
                0x00000000       0x3c C:/Program Files (x86)/Atmel/Studio/7.0/Packs/atmel/ATmega_DFP/1.7.374/gcc/dev/atmega32/avr5/crtatmega32.o

.note.gnu.build-id
 *(.note.gnu.build-id)

.debug
 *(.debug)

.line
 *(.line)

.debug_srcinfo
 *(.debug_srcinfo)

.debug_sfnames
 *(.debug_sfnames)

.debug_aranges  0x00000000      0x4d0
 *(.debug_aranges)
 .debug_aranges
                0x00000000       0x48 Admin_interface.o
 .debug_aranges
                0x00000048       0x38 HAL/BUZ_program.o
 .debug_aranges
                0x00000080       0x38 HAL/DCM_program.o
 .debug_aranges
                0x000000b8       0x40 HAL/EEPROM_program.o
 .debug_aranges
                0x000000f8       0x28 HAL/KPD_program.o
 .debug_aranges
                0x00000120       0x58 HAL/LCD_program.o
 .debug_aranges
                0x00000178       0x38 HAL/LED_program.o
 .debug_aranges
                0x000001b0       0x28 HAL/LM35_program.o
 .debug_aranges
                0x000001d8       0x30 HAL/SRVM_program.o
 .debug_aranges
                0x00000208       0x70 HOME_interface.o
 .debug_aranges
                0x00000278       0x20 main.o
 .debug_aranges
                0x00000298       0x28 MCAL/ADC_program.o
 .debug_aranges
                0x000002c0       0x40 MCAL/DIO_program.o
 .debug_aranges
                0x00000300       0x58 MCAL/EXTI_pragram.o
 .debug_aranges
                0x00000358       0x50 MCAL/TMR0_program.o
 .debug_aranges
                0x000003a8       0x58 MCAL/TMR1_program.o
 .debug_aranges
                0x00000400       0x60 MCAL/TWI_program.o
 .debug_aranges
                0x00000460       0x48 MCAL/UART_program.o
 .debug_aranges
                0x000004a8       0x28 User_interface.o

.debug_pubnames
 *(.debug_pubnames)

.debug_info     0x00000000     0x5fe1
 *(.debug_info .gnu.linkonce.wi.*)
 .debug_info    0x00000000      0x4e6 C:/Program Files (x86)/Atmel/Studio/7.0/Packs/atmel/ATmega_DFP/1.7.374/gcc/dev/atmega32/avr5/crtatmega32.o
 .debug_info    0x000004e6      0xdeb Admin_interface.o
 .debug_info    0x000012d1      0x1e6 HAL/BUZ_program.o
 .debug_info    0x000014b7      0x4ab HAL/DCM_program.o
 .debug_info    0x00001962      0x56a HAL/EEPROM_program.o
 .debug_info    0x00001ecc      0x35e HAL/KPD_program.o
 .debug_info    0x0000222a      0xb9d HAL/LCD_program.o
 .debug_info    0x00002dc7      0x1e6 HAL/LED_program.o
 .debug_info    0x00002fad      0x14c HAL/LM35_program.o
 .debug_info    0x000030f9      0x1e4 HAL/SRVM_program.o
 .debug_info    0x000032dd     0x1556 HOME_interface.o
 .debug_info    0x00004833       0xc9 main.o
 .debug_info    0x000048fc       0xcb MCAL/ADC_program.o
 .debug_info    0x000049c7      0x1ad MCAL/DIO_program.o
 .debug_info    0x00004b74      0x1d1 MCAL/EXTI_pragram.o
 .debug_info    0x00004d45      0x1a9 MCAL/TMR0_program.o
 .debug_info    0x00004eee      0x1d9 MCAL/TMR1_program.o
 .debug_info    0x000050c7      0x198 MCAL/TWI_program.o
 .debug_info    0x0000525f      0x1ab MCAL/UART_program.o
 .debug_info    0x0000540a      0xbd7 User_interface.o

.debug_abbrev   0x00000000     0x15a0
 *(.debug_abbrev)
 .debug_abbrev  0x00000000      0x4a3 C:/Program Files (x86)/Atmel/Studio/7.0/Packs/atmel/ATmega_DFP/1.7.374/gcc/dev/atmega32/avr5/crtatmega32.o
 .debug_abbrev  0x000004a3      0x223 Admin_interface.o
 .debug_abbrev  0x000006c6       0x80 HAL/BUZ_program.o
 .debug_abbrev  0x00000746       0xb2 HAL/DCM_program.o
 .debug_abbrev  0x000007f8      0x13f HAL/EEPROM_program.o
 .debug_abbrev  0x00000937       0xd5 HAL/KPD_program.o
 .debug_abbrev  0x00000a0c      0x183 HAL/LCD_program.o
 .debug_abbrev  0x00000b8f       0x80 HAL/LED_program.o
 .debug_abbrev  0x00000c0f       0xb8 HAL/LM35_program.o
 .debug_abbrev  0x00000cc7       0x8d HAL/SRVM_program.o
 .debug_abbrev  0x00000d54      0x1a9 HOME_interface.o
 .debug_abbrev  0x00000efd       0x65 main.o
 .debug_abbrev  0x00000f62       0x71 MCAL/ADC_program.o
 .debug_abbrev  0x00000fd3       0x87 MCAL/DIO_program.o
 .debug_abbrev  0x0000105a       0x9d MCAL/EXTI_pragram.o
 .debug_abbrev  0x000010f7       0xb7 MCAL/TMR0_program.o
 .debug_abbrev  0x000011ae       0xb7 MCAL/TMR1_program.o
 .debug_abbrev  0x00001265       0x90 MCAL/TWI_program.o
 .debug_abbrev  0x000012f5       0xfc MCAL/UART_program.o
 .debug_abbrev  0x000013f1      0x1af User_interface.o

.debug_line     0x00000000     0x2e0b
 *(.debug_line .debug_line.* .debug_line_end)
 .debug_line    0x00000000      0x116 C:/Program Files (x86)/Atmel/Studio/7.0/Packs/atmel/ATmega_DFP/1.7.374/gcc/dev/atmega32/avr5/crtatmega32.o
 .debug_line    0x00000116      0x59e Admin_interface.o
 .debug_line    0x000006b4       0xbc HAL/BUZ_program.o
 .debug_line    0x00000770      0x1d4 HAL/DCM_program.o
 .debug_line    0x00000944      0x2e5 HAL/EEPROM_program.o
 .debug_line    0x00000c29      0x15c HAL/KPD_program.o
 .debug_line    0x00000d85      0x401 HAL/LCD_program.o
 .debug_line    0x00001186       0xbc HAL/LED_program.o
 .debug_line    0x00001242       0xbc HAL/LM35_program.o
 .debug_line    0x000012fe       0xf1 HAL/SRVM_program.o
 .debug_line    0x000013ef      0x942 HOME_interface.o
 .debug_line    0x00001d31       0x5f main.o
 .debug_line    0x00001d90      0x104 MCAL/ADC_program.o
 .debug_line    0x00001e94      0x212 MCAL/DIO_program.o
 .debug_line    0x000020a6      0x21c MCAL/EXTI_pragram.o
 .debug_line    0x000022c2      0x15c MCAL/TMR0_program.o
 .debug_line    0x0000241e      0x197 MCAL/TMR1_program.o
 .debug_line    0x000025b5      0x231 MCAL/TWI_program.o
 .debug_line    0x000027e6      0x151 MCAL/UART_program.o
 .debug_line    0x00002937      0x4d4 User_interface.o

.debug_frame    0x00000000      0xbac
 *(.debug_frame)
 .debug_frame   0x00000000       0xf4 Admin_interface.o
 .debug_frame   0x000000f4       0x54 HAL/BUZ_program.o
 .debug_frame   0x00000148       0x5c HAL/DCM_program.o
 .debug_frame   0x000001a4       0xc0 HAL/EEPROM_program.o
 .debug_frame   0x00000264       0x78 HAL/KPD_program.o
 .debug_frame   0x000002dc       0xd4 HAL/LCD_program.o
 .debug_frame   0x000003b0       0x54 HAL/LED_program.o
 .debug_frame   0x00000404       0x34 HAL/LM35_program.o
 .debug_frame   0x00000438       0x44 HAL/SRVM_program.o
 .debug_frame   0x0000047c       0xf4 HOME_interface.o
 .debug_frame   0x00000570       0x24 main.o
 .debug_frame   0x00000594       0x34 MCAL/ADC_program.o
 .debug_frame   0x000005c8       0x64 MCAL/DIO_program.o
 .debug_frame   0x0000062c      0x16c MCAL/EXTI_pragram.o
 .debug_frame   0x00000798      0x114 MCAL/TMR0_program.o
 .debug_frame   0x000008ac      0x144 MCAL/TMR1_program.o
 .debug_frame   0x000009f0       0xa4 MCAL/TWI_program.o
 .debug_frame   0x00000a94       0xa0 MCAL/UART_program.o
 .debug_frame   0x00000b34       0x78 User_interface.o

.debug_str      0x00000000     0x113b
 *(.debug_str)
 .debug_str     0x00000000      0x196 C:/Program Files (x86)/Atmel/Studio/7.0/Packs/atmel/ATmega_DFP/1.7.374/gcc/dev/atmega32/avr5/crtatmega32.o
 .debug_str     0x00000196      0x497 Admin_interface.o
                                0x4e8 (size before relaxing)
 .debug_str     0x0000062d       0xaf HAL/BUZ_program.o
                                0x1b9 (size before relaxing)
 .debug_str     0x000006dc       0x95 HAL/DCM_program.o
                                0x1f4 (size before relaxing)
 .debug_str     0x00000771      0x143 HAL/EEPROM_program.o
                                0x336 (size before relaxing)
 .debug_str     0x000008b4       0xa8 HAL/KPD_program.o
                                0x242 (size before relaxing)
 .debug_str     0x0000095c      0x14b HAL/LCD_program.o
                                0x303 (size before relaxing)
 .debug_str     0x00000aa7       0x47 HAL/LED_program.o
                                0x1b9 (size before relaxing)
 .debug_str     0x00000aee       0x6b HAL/LM35_program.o
                                0x1ba (size before relaxing)
 .debug_str     0x00000b59       0x72 HAL/SRVM_program.o
                                0x1c1 (size before relaxing)
 .debug_str     0x00000bcb       0xe8 HOME_interface.o
                                0x46b (size before relaxing)
 .debug_str     0x00000cb3       0x53 main.o
                                0x1a4 (size before relaxing)
 .debug_str     0x00000d06       0x7b MCAL/ADC_program.o
                                0x1a2 (size before relaxing)
 .debug_str     0x00000d81       0x30 MCAL/DIO_program.o
                                0x1e6 (size before relaxing)
 .debug_str     0x00000db1      0x100 MCAL/EXTI_pragram.o
                                0x253 (size before relaxing)
 .debug_str     0x00000eb1       0xa1 MCAL/TMR0_program.o
                                0x230 (size before relaxing)
 .debug_str     0x00000f52       0x62 MCAL/TMR1_program.o
                                0x243 (size before relaxing)
 .debug_str     0x00000fb4       0x2d MCAL/TWI_program.o
                                0x263 (size before relaxing)
 .debug_str     0x00000fe1       0x3a MCAL/UART_program.o
                                0x1d6 (size before relaxing)
 .debug_str     0x0000101b      0x120 User_interface.o
                                0x424 (size before relaxing)

.debug_loc      0x00000000     0x2fd2
 *(.debug_loc)
 .debug_loc     0x00000000      0x6f6 Admin_interface.o
 .debug_loc     0x000006f6      0x108 HAL/BUZ_program.o
 .debug_loc     0x000007fe      0x2b4 HAL/DCM_program.o
 .debug_loc     0x00000ab2      0x4a4 HAL/EEPROM_program.o
 .debug_loc     0x00000f56      0x133 HAL/KPD_program.o
 .debug_loc     0x00001089      0x6dd HAL/LCD_program.o
 .debug_loc     0x00001766      0x108 HAL/LED_program.o
 .debug_loc     0x0000186e       0x18 HAL/LM35_program.o
 .debug_loc     0x00001886       0x53 HAL/SRVM_program.o
 .debug_loc     0x000018d9      0x4cf HOME_interface.o
 .debug_loc     0x00001da8       0x8d MCAL/ADC_program.o
 .debug_loc     0x00001e35      0x2e4 MCAL/DIO_program.o
 .debug_loc     0x00002119      0x3b6 MCAL/EXTI_pragram.o
 .debug_loc     0x000024cf      0x1c2 MCAL/TMR0_program.o
 .debug_loc     0x00002691      0x273 MCAL/TMR1_program.o
 .debug_loc     0x00002904       0xbf MCAL/TWI_program.o
 .debug_loc     0x000029c3      0x15b MCAL/UART_program.o
 .debug_loc     0x00002b1e      0x4b4 User_interface.o

.debug_macinfo
 *(.debug_macinfo)

.debug_weaknames
 *(.debug_weaknames)

.debug_funcnames
 *(.debug_funcnames)

.debug_typenames
 *(.debug_typenames)

.debug_varnames
 *(.debug_varnames)

.debug_pubtypes
 *(.debug_pubtypes)

.debug_ranges   0x00000000      0x400
 *(.debug_ranges)
 .debug_ranges  0x00000000       0x50 Admin_interface.o
 .debug_ranges  0x00000050       0x28 HAL/BUZ_program.o
 .debug_ranges  0x00000078       0x28 HAL/DCM_program.o
 .debug_ranges  0x000000a0       0x30 HAL/EEPROM_program.o
 .debug_ranges  0x000000d0       0x18 HAL/KPD_program.o
 .debug_ranges  0x000000e8       0x48 HAL/LCD_program.o
 .debug_ranges  0x00000130       0x28 HAL/LED_program.o
 .debug_ranges  0x00000158       0x18 HAL/LM35_program.o
 .debug_ranges  0x00000170       0x20 HAL/SRVM_program.o
 .debug_ranges  0x00000190       0x60 HOME_interface.o
 .debug_ranges  0x000001f0       0x10 main.o
 .debug_ranges  0x00000200       0x18 MCAL/ADC_program.o
 .debug_ranges  0x00000218       0x30 MCAL/DIO_program.o
 .debug_ranges  0x00000248       0x48 MCAL/EXTI_pragram.o
 .debug_ranges  0x00000290       0x40 MCAL/TMR0_program.o
 .debug_ranges  0x000002d0       0x48 MCAL/TMR1_program.o
 .debug_ranges  0x00000318       0x50 MCAL/TWI_program.o
 .debug_ranges  0x00000368       0x50 MCAL/UART_program.o
 .debug_ranges  0x000003b8       0x48 User_interface.o

.debug_macro
 *(.debug_macro)
OUTPUT(Smart_Home.elf elf32-avr)
LOAD linker stubs
